{
  "version": "1.5.0",
  "plugins_used": [
    {
      "name": "ArtifactoryDetector"
    },
    {
      "name": "AWSKeyDetector"
    },
    {
      "name": "AzureStorageKeyDetector"
    },
    {
      "name": "BasicAuthDetector"
    },
    {
      "name": "CloudantDetector"
    },
    {
      "name": "DiscordBotTokenDetector"
    },
    {
      "name": "GitHubTokenDetector"
    },
    {
      "name": "HexHighEntropyString",
      "limit": 3.0
    },
    {
      "name": "IbmCloudIamDetector"
    },
    {
      "name": "IbmCosHmacDetector"
    },
    {
      "name": "JwtTokenDetector"
    },
    {
      "name": "KeywordDetector",
      "keyword_exclude": ""
    },
    {
      "name": "MailchimpDetector"
    },
    {
      "name": "NpmDetector"
    },
    {
      "name": "OpenAIDetector"
    },
    {
      "name": "PrivateKeyDetector"
    },
    {
      "name": "SendGridDetector"
    },
    {
      "name": "SlackDetector"
    },
    {
      "name": "SoftlayerDetector"
    },
    {
      "name": "SquareOAuthDetector"
    },
    {
      "name": "StripeDetector"
    },
    {
      "name": "TelegramBotTokenDetector"
    },
    {
      "name": "TwilioKeyDetector"
    }
  ],
  "filters_used": [
    {
      "path": "detect_secrets.filters.allowlist.is_line_allowlisted"
    },
    {
      "path": "detect_secrets.filters.common.is_baseline_file",
      "filename": ".config/secrets.baseline"
    },
    {
      "path": "detect_secrets.filters.common.is_ignored_due_to_verification_policies",
      "min_level": 2
    },
    {
      "path": "detect_secrets.filters.heuristic.is_indirect_reference"
    },
    {
      "path": "detect_secrets.filters.heuristic.is_likely_id_reference"
    },
    {
      "path": "detect_secrets.filters.heuristic.is_not_alphanumeric_string"
    },
    {
      "path": "detect_secrets.filters.heuristic.is_potential_uuid"
    },
    {
      "path": "detect_secrets.filters.heuristic.is_prefixed_with_dollar_sign"
    },
    {
      "path": "detect_secrets.filters.heuristic.is_sequential_string"
    },
    {
      "path": "detect_secrets.filters.heuristic.is_templated_secret"
    }
  ],
  "results": {
    ".config\\secrets.baseline": [
      {
        "type": "Hex High Entropy String",
        "filename": ".config\\secrets.baseline",
        "hashed_secret": "2b9204c183689620e5f4564de161093a685418f2",
        "is_verified": false,
        "line_number": 115
      },
      {
        "type": "Secret Keyword",
        "filename": ".config\\secrets.baseline",
        "hashed_secret": "2b9204c183689620e5f4564de161093a685418f2",
        "is_verified": false,
        "line_number": 115
      },
      {
        "type": "Hex High Entropy String",
        "filename": ".config\\secrets.baseline",
        "hashed_secret": "bf0842e585782edc387a92a79cd1e02a121070a2",
        "is_verified": false,
        "line_number": 122
      },
      {
        "type": "Secret Keyword",
        "filename": ".config\\secrets.baseline",
        "hashed_secret": "bf0842e585782edc387a92a79cd1e02a121070a2",
        "is_verified": false,
        "line_number": 122
      },
      {
        "type": "Hex High Entropy String",
        "filename": ".config\\secrets.baseline",
        "hashed_secret": "3e86e3aa30cc77e2659a697111c9fef5d3e17181",
        "is_verified": false,
        "line_number": 129
      },
      {
        "type": "Secret Keyword",
        "filename": ".config\\secrets.baseline",
        "hashed_secret": "3e86e3aa30cc77e2659a697111c9fef5d3e17181",
        "is_verified": false,
        "line_number": 129
      },
      {
        "type": "Hex High Entropy String",
        "filename": ".config\\secrets.baseline",
        "hashed_secret": "4791ed587b85788f35a9ba4d95623635df4d73c9",
        "is_verified": false,
        "line_number": 136
      },
      {
        "type": "Secret Keyword",
        "filename": ".config\\secrets.baseline",
        "hashed_secret": "4791ed587b85788f35a9ba4d95623635df4d73c9",
        "is_verified": false,
        "line_number": 136
      },
      {
        "type": "Hex High Entropy String",
        "filename": ".config\\secrets.baseline",
        "hashed_secret": "081e8074ebef5d1b63e3b64729bb2124dc7d6d73",
        "is_verified": false,
        "line_number": 143
      },
      {
        "type": "Secret Keyword",
        "filename": ".config\\secrets.baseline",
        "hashed_secret": "081e8074ebef5d1b63e3b64729bb2124dc7d6d73",
        "is_verified": false,
        "line_number": 143
      },
      {
        "type": "Hex High Entropy String",
        "filename": ".config\\secrets.baseline",
        "hashed_secret": "77618a6b2750d91f9ce8c1e09adaae3022df95c6",
        "is_verified": false,
        "line_number": 150
      },
      {
        "type": "Secret Keyword",
        "filename": ".config\\secrets.baseline",
        "hashed_secret": "77618a6b2750d91f9ce8c1e09adaae3022df95c6",
        "is_verified": false,
        "line_number": 150
      },
      {
        "type": "Hex High Entropy String",
        "filename": ".config\\secrets.baseline",
        "hashed_secret": "9555f0a8197e7136896a69e1bcf4cbcf6e22b22d",
        "is_verified": false,
        "line_number": 157
      },
      {
        "type": "Secret Keyword",
        "filename": ".config\\secrets.baseline",
        "hashed_secret": "9555f0a8197e7136896a69e1bcf4cbcf6e22b22d",
        "is_verified": false,
        "line_number": 157
      },
      {
        "type": "Hex High Entropy String",
        "filename": ".config\\secrets.baseline",
        "hashed_secret": "8d168c303844225c57a0ffca03cf52ca2396ed38",
        "is_verified": false,
        "line_number": 164
      },
      {
        "type": "Secret Keyword",
        "filename": ".config\\secrets.baseline",
        "hashed_secret": "8d168c303844225c57a0ffca03cf52ca2396ed38",
        "is_verified": false,
        "line_number": 164
      },
      {
        "type": "Hex High Entropy String",
        "filename": ".config\\secrets.baseline",
        "hashed_secret": "84276bbe0ec67fc8a3d45864ba61f1bb978ced94",
        "is_verified": false,
        "line_number": 171
      },
      {
        "type": "Secret Keyword",
        "filename": ".config\\secrets.baseline",
        "hashed_secret": "84276bbe0ec67fc8a3d45864ba61f1bb978ced94",
        "is_verified": false,
        "line_number": 171
      },
      {
        "type": "Hex High Entropy String",
        "filename": ".config\\secrets.baseline",
        "hashed_secret": "234f85ff9eb4280ae6f77e8f63670d698395ce84",
        "is_verified": false,
        "line_number": 178
      },
      {
        "type": "Secret Keyword",
        "filename": ".config\\secrets.baseline",
        "hashed_secret": "234f85ff9eb4280ae6f77e8f63670d698395ce84",
        "is_verified": false,
        "line_number": 178
      },
      {
        "type": "Hex High Entropy String",
        "filename": ".config\\secrets.baseline",
        "hashed_secret": "35f8cf9d410fd8d9d7d1441a5a48ba66f6d00342",
        "is_verified": false,
        "line_number": 185
      },
      {
        "type": "Secret Keyword",
        "filename": ".config\\secrets.baseline",
        "hashed_secret": "35f8cf9d410fd8d9d7d1441a5a48ba66f6d00342",
        "is_verified": false,
        "line_number": 185
      },
      {
        "type": "Hex High Entropy String",
        "filename": ".config\\secrets.baseline",
        "hashed_secret": "0d3997ba764fa04d31ad93f3f7913d7414e7f3bb",
        "is_verified": false,
        "line_number": 192
      },
      {
        "type": "Secret Keyword",
        "filename": ".config\\secrets.baseline",
        "hashed_secret": "0d3997ba764fa04d31ad93f3f7913d7414e7f3bb",
        "is_verified": false,
        "line_number": 192
      },
      {
        "type": "Hex High Entropy String",
        "filename": ".config\\secrets.baseline",
        "hashed_secret": "815a53eae97e1af818c13b6066bd296d67ef1dcf",
        "is_verified": false,
        "line_number": 201
      },
      {
        "type": "Secret Keyword",
        "filename": ".config\\secrets.baseline",
        "hashed_secret": "815a53eae97e1af818c13b6066bd296d67ef1dcf",
        "is_verified": false,
        "line_number": 201
      },
      {
        "type": "Hex High Entropy String",
        "filename": ".config\\secrets.baseline",
        "hashed_secret": "5f267ef884b6fb653da7decda974e523af495349",
        "is_verified": false,
        "line_number": 208
      },
      {
        "type": "Secret Keyword",
        "filename": ".config\\secrets.baseline",
        "hashed_secret": "5f267ef884b6fb653da7decda974e523af495349",
        "is_verified": false,
        "line_number": 208
      },
      {
        "type": "Hex High Entropy String",
        "filename": ".config\\secrets.baseline",
        "hashed_secret": "72f33d8349b1e9c936858f30c22b21e2c3c8032c",
        "is_verified": false,
        "line_number": 215
      },
      {
        "type": "Secret Keyword",
        "filename": ".config\\secrets.baseline",
        "hashed_secret": "72f33d8349b1e9c936858f30c22b21e2c3c8032c",
        "is_verified": false,
        "line_number": 215
      },
      {
        "type": "Hex High Entropy String",
        "filename": ".config\\secrets.baseline",
        "hashed_secret": "8cb11b581cc9eb5054223127ec958ce389ae75d0",
        "is_verified": false,
        "line_number": 222
      },
      {
        "type": "Secret Keyword",
        "filename": ".config\\secrets.baseline",
        "hashed_secret": "8cb11b581cc9eb5054223127ec958ce389ae75d0",
        "is_verified": false,
        "line_number": 222
      },
      {
        "type": "Hex High Entropy String",
        "filename": ".config\\secrets.baseline",
        "hashed_secret": "f4554e47ca792e80d57b8211e5e52e37d36b2727",
        "is_verified": false,
        "line_number": 229
      },
      {
        "type": "Secret Keyword",
        "filename": ".config\\secrets.baseline",
        "hashed_secret": "f4554e47ca792e80d57b8211e5e52e37d36b2727",
        "is_verified": false,
        "line_number": 229
      },
      {
        "type": "Hex High Entropy String",
        "filename": ".config\\secrets.baseline",
        "hashed_secret": "b69e6a0c29dbcb36dc584448e763cb6a08872676",
        "is_verified": false,
        "line_number": 236
      },
      {
        "type": "Secret Keyword",
        "filename": ".config\\secrets.baseline",
        "hashed_secret": "b69e6a0c29dbcb36dc584448e763cb6a08872676",
        "is_verified": false,
        "line_number": 236
      },
      {
        "type": "Hex High Entropy String",
        "filename": ".config\\secrets.baseline",
        "hashed_secret": "8307943513d436dd877cc62e54688b46669e5907",
        "is_verified": false,
        "line_number": 243
      },
      {
        "type": "Secret Keyword",
        "filename": ".config\\secrets.baseline",
        "hashed_secret": "8307943513d436dd877cc62e54688b46669e5907",
        "is_verified": false,
        "line_number": 243
      },
      {
        "type": "Hex High Entropy String",
        "filename": ".config\\secrets.baseline",
        "hashed_secret": "a958c091d141cd2c5468cc2460b18eeab81c4f98",
        "is_verified": false,
        "line_number": 250
      },
      {
        "type": "Secret Keyword",
        "filename": ".config\\secrets.baseline",
        "hashed_secret": "a958c091d141cd2c5468cc2460b18eeab81c4f98",
        "is_verified": false,
        "line_number": 250
      },
      {
        "type": "Hex High Entropy String",
        "filename": ".config\\secrets.baseline",
        "hashed_secret": "abe8adc68f1342d3faf50a7cd1e58c8dd03f0612",
        "is_verified": false,
        "line_number": 257
      },
      {
        "type": "Secret Keyword",
        "filename": ".config\\secrets.baseline",
        "hashed_secret": "abe8adc68f1342d3faf50a7cd1e58c8dd03f0612",
        "is_verified": false,
        "line_number": 257
      },
      {
        "type": "Hex High Entropy String",
        "filename": ".config\\secrets.baseline",
        "hashed_secret": "4c8b4dea067559fb75910136d549e909e3539972",
        "is_verified": false,
        "line_number": 264
      },
      {
        "type": "Secret Keyword",
        "filename": ".config\\secrets.baseline",
        "hashed_secret": "4c8b4dea067559fb75910136d549e909e3539972",
        "is_verified": false,
        "line_number": 264
      },
      {
        "type": "Hex High Entropy String",
        "filename": ".config\\secrets.baseline",
        "hashed_secret": "c069856924b3073d7b38f08bc98c29e35ce0758e",
        "is_verified": false,
        "line_number": 271
      },
      {
        "type": "Secret Keyword",
        "filename": ".config\\secrets.baseline",
        "hashed_secret": "c069856924b3073d7b38f08bc98c29e35ce0758e",
        "is_verified": false,
        "line_number": 271
      },
      {
        "type": "Hex High Entropy String",
        "filename": ".config\\secrets.baseline",
        "hashed_secret": "c9e47adf0ea4b50481796df265a6457fb708291c",
        "is_verified": false,
        "line_number": 278
      },
      {
        "type": "Secret Keyword",
        "filename": ".config\\secrets.baseline",
        "hashed_secret": "c9e47adf0ea4b50481796df265a6457fb708291c",
        "is_verified": false,
        "line_number": 278
      },
      {
        "type": "Hex High Entropy String",
        "filename": ".config\\secrets.baseline",
        "hashed_secret": "0df5bb7f3a2cf3f8456228bb6fb33682d04b05d1",
        "is_verified": false,
        "line_number": 285
      },
      {
        "type": "Secret Keyword",
        "filename": ".config\\secrets.baseline",
        "hashed_secret": "0df5bb7f3a2cf3f8456228bb6fb33682d04b05d1",
        "is_verified": false,
        "line_number": 285
      },
      {
        "type": "Hex High Entropy String",
        "filename": ".config\\secrets.baseline",
        "hashed_secret": "075d8c4476fac9f38b7e7ca3845f0af5223671d4",
        "is_verified": false,
        "line_number": 387
      },
      {
        "type": "Secret Keyword",
        "filename": ".config\\secrets.baseline",
        "hashed_secret": "075d8c4476fac9f38b7e7ca3845f0af5223671d4",
        "is_verified": false,
        "line_number": 387
      },
      {
        "type": "Hex High Entropy String",
        "filename": ".config\\secrets.baseline",
        "hashed_secret": "1ad9a77d6b9bd2d6d00af9893626315bc7023045",
        "is_verified": false,
        "line_number": 394
      },
      {
        "type": "Secret Keyword",
        "filename": ".config\\secrets.baseline",
        "hashed_secret": "1ad9a77d6b9bd2d6d00af9893626315bc7023045",
        "is_verified": false,
        "line_number": 394
      },
      {
        "type": "Hex High Entropy String",
        "filename": ".config\\secrets.baseline",
        "hashed_secret": "84d5ee73341cdc7dee0743406e39e43cd531b75e",
        "is_verified": false,
        "line_number": 403
      },
      {
        "type": "Secret Keyword",
        "filename": ".config\\secrets.baseline",
        "hashed_secret": "84d5ee73341cdc7dee0743406e39e43cd531b75e",
        "is_verified": false,
        "line_number": 403
      }
    ],
    ".specify\\integrations\\claude.manifest.json": [
      {
        "type": "Hex High Entropy String",
        "filename": ".specify\\integrations\\claude.manifest.json",
        "hashed_secret": "70ac36701b913a8f4c37fc0a03a6f64ddb79e582",
        "is_verified": false,
        "line_number": 6
      },
      {
        "type": "Hex High Entropy String",
        "filename": ".specify\\integrations\\claude.manifest.json",
        "hashed_secret": "de84e86c0021b21d7036c97eb91960f10914e740",
        "is_verified": false,
        "line_number": 7
      },
      {
        "type": "Hex High Entropy String",
        "filename": ".specify\\integrations\\claude.manifest.json",
        "hashed_secret": "d18aeb079c9630362063b4f4455388fb4f517e19",
        "is_verified": false,
        "line_number": 8
      },
      {
        "type": "Hex High Entropy String",
        "filename": ".specify\\integrations\\claude.manifest.json",
        "hashed_secret": "9f794e3beaeb3fa394b1127ba7101975f08409b7",
        "is_verified": false,
        "line_number": 9
      },
      {
        "type": "Hex High Entropy String",
        "filename": ".specify\\integrations\\claude.manifest.json",
        "hashed_secret": "29ce75aca10ac3f3707125317d2e7e8b415e2c00",
        "is_verified": false,
        "line_number": 10
      },
      {
        "type": "Hex High Entropy String",
        "filename": ".specify\\integrations\\claude.manifest.json",
        "hashed_secret": "4f318a66f27d66253d0fc46f2cc5ebe32b9b62fb",
        "is_verified": false,
        "line_number": 11
      },
      {
        "type": "Hex High Entropy String",
        "filename": ".specify\\integrations\\claude.manifest.json",
        "hashed_secret": "a15364e14885fad98699e235bd94b82ac4196036",
        "is_verified": false,
        "line_number": 12
      },
      {
        "type": "Hex High Entropy String",
        "filename": ".specify\\integrations\\claude.manifest.json",
        "hashed_secret": "15a07dd6b8b6b66aa49c2ea116cba14fdb71ef19",
        "is_verified": false,
        "line_number": 13
      },
      {
        "type": "Hex High Entropy String",
        "filename": ".specify\\integrations\\claude.manifest.json",
        "hashed_secret": "f19f9cd9bae21701e78a8943a60099abbc9cbc48",
        "is_verified": false,
        "line_number": 14
      }
    ],
    ".specify\\integrations\\speckit.manifest.json": [
      {
        "type": "Hex High Entropy String",
        "filename": ".specify\\integrations\\speckit.manifest.json",
        "hashed_secret": "cdc0caeb81ec1cf29e7928bbdb540ebe3f1fac86",
        "is_verified": false,
        "line_number": 6
      },
      {
        "type": "Hex High Entropy String",
        "filename": ".specify\\integrations\\speckit.manifest.json",
        "hashed_secret": "9b63101a5cbe0b0de79d9a6757814c4e7695ff5c",
        "is_verified": false,
        "line_number": 7
      },
      {
        "type": "Hex High Entropy String",
        "filename": ".specify\\integrations\\speckit.manifest.json",
        "hashed_secret": "bbeba2328c1f82ebf85456c2d0b6577718a843f2",
        "is_verified": false,
        "line_number": 8
      },
      {
        "type": "Hex High Entropy String",
        "filename": ".specify\\integrations\\speckit.manifest.json",
        "hashed_secret": "5ef525e2f35344b5666ded19bec1ee8287664a32",
        "is_verified": false,
        "line_number": 9
      },
      {
        "type": "Hex High Entropy String",
        "filename": ".specify\\integrations\\speckit.manifest.json",
        "hashed_secret": "ff27631488d7a1fa69974ecb70e9587d122fb7d6",
        "is_verified": false,
        "line_number": 10
      },
      {
        "type": "Hex High Entropy String",
        "filename": ".specify\\integrations\\speckit.manifest.json",
        "hashed_secret": "383610ffbbf1dedb179ce6941130c5552d19a878",
        "is_verified": false,
        "line_number": 11
      },
      {
        "type": "Hex High Entropy String",
        "filename": ".specify\\integrations\\speckit.manifest.json",
        "hashed_secret": "25c4a42ae4038007ad01f74d7e01a9d3352ef6ce",
        "is_verified": false,
        "line_number": 12
      },
      {
        "type": "Hex High Entropy String",
        "filename": ".specify\\integrations\\speckit.manifest.json",
        "hashed_secret": "ecde51343aeae413aaba7dc0a5eb327c83bdd97f",
        "is_verified": false,
        "line_number": 13
      },
      {
        "type": "Hex High Entropy String",
        "filename": ".specify\\integrations\\speckit.manifest.json",
        "hashed_secret": "5a2c5ffb2fa4fb14d9cc8098f9aff3769a5f0894",
        "is_verified": false,
        "line_number": 14
      },
      {
        "type": "Hex High Entropy String",
        "filename": ".specify\\integrations\\speckit.manifest.json",
        "hashed_secret": "9ca09f61b0fce77137bb336a5537503f9f28be91",
        "is_verified": false,
        "line_number": 15
      },
      {
        "type": "Hex High Entropy String",
        "filename": ".specify\\integrations\\speckit.manifest.json",
        "hashed_secret": "6c481bf584ec89fe5868814e71db48013022ff8e",
        "is_verified": false,
        "line_number": 16
      },
      {
        "type": "Hex High Entropy String",
        "filename": ".specify\\integrations\\speckit.manifest.json",
        "hashed_secret": "75e06787d5008efe1a9b4983f504b759b15e7035",
        "is_verified": false,
        "line_number": 17
      }
    ],
    "docs\\people\\drafts\\skills-lock-v2-draft.json": [
      {
        "type": "Hex High Entropy String",
        "filename": "docs\\people\\drafts\\skills-lock-v2-draft.json",
        "hashed_secret": "232d4451c357311084328c0aabddf720171e194c",
        "is_verified": false,
        "line_number": 32
      },
      {
        "type": "Hex High Entropy String",
        "filename": "docs\\people\\drafts\\skills-lock-v2-draft.json",
        "hashed_secret": "0acd0e415aece7701efe7af29dfccc8fbd2ad123",
        "is_verified": false,
        "line_number": 80
      },
      {
        "type": "Hex High Entropy String",
        "filename": "docs\\people\\drafts\\skills-lock-v2-draft.json",
        "hashed_secret": "1a50d114a46ee357153e24fe4f12a38562ef9aaf",
        "is_verified": false,
        "line_number": 144
      },
      {
        "type": "Hex High Entropy String",
        "filename": "docs\\people\\drafts\\skills-lock-v2-draft.json",
        "hashed_secret": "b257fdc762866d816e51843ac506eb00852bff57",
        "is_verified": false,
        "line_number": 216
      },
      {
        "type": "Hex High Entropy String",
        "filename": "docs\\people\\drafts\\skills-lock-v2-draft.json",
        "hashed_secret": "f9b7699fbf5d21d882b1e0127cbae09730600704",
        "is_verified": false,
        "line_number": 544
      },
      {
        "type": "Hex High Entropy String",
        "filename": "docs\\people\\drafts\\skills-lock-v2-draft.json",
        "hashed_secret": "67f5b5ffc81c084111f8e368ee9cc14990c613bf",
        "is_verified": false,
        "line_number": 560
      },
      {
        "type": "Hex High Entropy String",
        "filename": "docs\\people\\drafts\\skills-lock-v2-draft.json",
        "hashed_secret": "b8f871c72e622bc3a518ec92b5157d980f3bcac9",
        "is_verified": false,
        "line_number": 624
      },
      {
        "type": "Hex High Entropy String",
        "filename": "docs\\people\\drafts\\skills-lock-v2-draft.json",
        "hashed_secret": "b60027071bba88272462eeb509a13c15aff6edd5",
        "is_verified": false,
        "line_number": 632
      },
      {
        "type": "Hex High Entropy String",
        "filename": "docs\\people\\drafts\\skills-lock-v2-draft.json",
        "hashed_secret": "957227da2c8afbbff6b8017e68cb53bab9541312",
        "is_verified": false,
        "line_number": 640
      },
      {
        "type": "Hex High Entropy String",
        "filename": "docs\\people\\drafts\\skills-lock-v2-draft.json",
        "hashed_secret": "ad124531149bd0ffec5f71b675e943815160b1e2",
        "is_verified": false,
        "line_number": 648
      },
      {
        "type": "Hex High Entropy String",
        "filename": "docs\\people\\drafts\\skills-lock-v2-draft.json",
        "hashed_secret": "e6fa9cc28ac220932770ace9df50ecbefae2d89f",
        "is_verified": false,
        "line_number": 656
      },
      {
        "type": "Hex High Entropy String",
        "filename": "docs\\people\\drafts\\skills-lock-v2-draft.json",
        "hashed_secret": "af36a0ecd9d300771eee06fd328cfe9da4c1b4ad",
        "is_verified": false,
        "line_number": 664
      },
      {
        "type": "Hex High Entropy String",
        "filename": "docs\\people\\drafts\\skills-lock-v2-draft.json",
        "hashed_secret": "9a7948df2327fe61a389030630378e65e9135346",
        "is_verified": false,
        "line_number": 680
      }
    ],
    "skills-lock.json": [
      {
        "type": "Hex High Entropy String",
        "filename": "skills-lock.json",
        "hashed_secret": "232d4451c357311084328c0aabddf720171e194c",
        "is_verified": false,
        "line_number": 19
      },
      {
        "type": "Hex High Entropy String",
        "filename": "skills-lock.json",
        "hashed_secret": "0acd0e415aece7701efe7af29dfccc8fbd2ad123",
        "is_verified": false,
        "line_number": 98
      },
      {
        "type": "Hex High Entropy String",
        "filename": "skills-lock.json",
        "hashed_secret": "1a50d114a46ee357153e24fe4f12a38562ef9aaf",
        "is_verified": false,
        "line_number": 186
      },
      {
        "type": "Hex High Entropy String",
        "filename": "skills-lock.json",
        "hashed_secret": "b257fdc762866d816e51843ac506eb00852bff57",
        "is_verified": false,
        "line_number": 289
      },
      {
        "type": "Hex High Entropy String",
        "filename": "skills-lock.json",
        "hashed_secret": "f9b7699fbf5d21d882b1e0127cbae09730600704",
        "is_verified": false,
        "line_number": 769
      },
      {
        "type": "Hex High Entropy String",
        "filename": "skills-lock.json",
        "hashed_secret": "67f5b5ffc81c084111f8e368ee9cc14990c613bf",
        "is_verified": false,
        "line_number": 796
      },
      {
        "type": "Hex High Entropy String",
        "filename": "skills-lock.json",
        "hashed_secret": "b8f871c72e622bc3a518ec92b5157d980f3bcac9",
        "is_verified": false,
        "line_number": 886
      },
      {
        "type": "Hex High Entropy String",
        "filename": "skills-lock.json",
        "hashed_secret": "b60027071bba88272462eeb509a13c15aff6edd5",
        "is_verified": false,
        "line_number": 897
      },
      {
        "type": "Hex High Entropy String",
        "filename": "skills-lock.json",
        "hashed_secret": "957227da2c8afbbff6b8017e68cb53bab9541312",
        "is_verified": false,
        "line_number": 908
      },
      {
        "type": "Hex High Entropy String",
        "filename": "skills-lock.json",
        "hashed_secret": "ad124531149bd0ffec5f71b675e943815160b1e2",
        "is_verified": false,
        "line_number": 919
      },
      {
        "type": "Hex High Entropy String",
        "filename": "skills-lock.json",
        "hashed_secret": "e6fa9cc28ac220932770ace9df50ecbefae2d89f",
        "is_verified": false,
        "line_number": 930
      },
      {
        "type": "Hex High Entropy String",
        "filename": "skills-lock.json",
        "hashed_secret": "af36a0ecd9d300771eee06fd328cfe9da4c1b4ad",
        "is_verified": false,
        "line_number": 949
      },
      {
        "type": "Hex High Entropy String",
        "filename": "skills-lock.json",
        "hashed_secret": "9a7948df2327fe61a389030630378e65e9135346",
        "is_verified": false,
        "line_number": 971
      }
    ],
    "specs\\006-hook-enforcement-gaps\\spec.md": [
      {
        "type": "Secret Keyword",
        "filename": "specs\\006-hook-enforcement-gaps\\spec.md",
        "hashed_secret": "b67adbb9f7287b8f2d9c809b39a804b2123fc4c0",
        "is_verified": false,
        "line_number": 111
      },
      {
        "type": "Secret Keyword",
        "filename": "specs\\006-hook-enforcement-gaps\\spec.md",
        "hashed_secret": "f3bbbd66a63d4bf1747940578ec3d0103530e21d",
        "is_verified": false,
        "line_number": 116
      }
    ],
    "specs\\feature\\hook-first-enforcement\\plan.md": [
      {
        "type": "AWS Access Key",
        "filename": "specs\\feature\\hook-first-enforcement\\plan.md",
        "hashed_secret": "25910f981e85ca04baf359199dd0bd4a3ae738b6",
        "is_verified": false,
        "line_number": 368
      },
      {
        "type": "Secret Keyword",
        "filename": "specs\\feature\\hook-first-enforcement\\plan.md",
        "hashed_secret": "25910f981e85ca04baf359199dd0bd4a3ae738b6",
        "is_verified": false,
        "line_number": 368
      }
    ]
  },
  "generated_at": "2026-06-04T01:10:36Z"
}
