{
  "version": "1.5.0",
  "plugins_used": [
    {
      "name": "ArtifactoryDetector"
    },
    {
      "name": "AWSKeyDetector"
    },
    {
      "name": "AzureStorageKeyDetector"
    },
    {
      "name": "BasicAuthDetector"
    },
    {
      "name": "CloudantDetector"
    },
    {
      "name": "DiscordBotTokenDetector"
    },
    {
      "name": "GitHubTokenDetector"
    },
    {
      "name": "HexHighEntropyString",
      "limit": 3.0
    },
    {
      "name": "IbmCloudIamDetector"
    },
    {
      "name": "IbmCosHmacDetector"
    },
    {
      "name": "JwtTokenDetector"
    },
    {
      "name": "KeywordDetector",
      "keyword_exclude": ""
    },
    {
      "name": "MailchimpDetector"
    },
    {
      "name": "NpmDetector"
    },
    {
      "name": "OpenAIDetector"
    },
    {
      "name": "PrivateKeyDetector"
    },
    {
      "name": "SendGridDetector"
    },
    {
      "name": "SlackDetector"
    },
    {
      "name": "SoftlayerDetector"
    },
    {
      "name": "SquareOAuthDetector"
    },
    {
      "name": "StripeDetector"
    },
    {
      "name": "TelegramBotTokenDetector"
    },
    {
      "name": "TwilioKeyDetector"
    }
  ],
  "filters_used": [
    {
      "path": "detect_secrets.filters.allowlist.is_line_allowlisted"
    },
    {
      "path": "detect_secrets.filters.common.is_baseline_file",
      "filename": ".config/secrets.baseline"
    },
    {
      "path": "detect_secrets.filters.common.is_ignored_due_to_verification_policies",
      "min_level": 2
    },
    {
      "path": "detect_secrets.filters.heuristic.is_indirect_reference"
    },
    {
      "path": "detect_secrets.filters.heuristic.is_likely_id_reference"
    },
    {
      "path": "detect_secrets.filters.heuristic.is_not_alphanumeric_string"
    },
    {
      "path": "detect_secrets.filters.heuristic.is_potential_uuid"
    },
    {
      "path": "detect_secrets.filters.heuristic.is_prefixed_with_dollar_sign"
    },
    {
      "path": "detect_secrets.filters.heuristic.is_sequential_string"
    },
    {
      "path": "detect_secrets.filters.heuristic.is_templated_secret"
    }
  ],
  "results": {
    ".config\\secrets.baseline": [
      {
        "type": "Hex High Entropy String",
        "filename": ".config\\secrets.baseline",
        "hashed_secret": "f328c9803d5ebbe2aa8152509669e9b4668dd71b",
        "is_verified": false,
        "line_number": 115
      },
      {
        "type": "Secret Keyword",
        "filename": ".config\\secrets.baseline",
        "hashed_secret": "f328c9803d5ebbe2aa8152509669e9b4668dd71b",
        "is_verified": false,
        "line_number": 115
      },
      {
        "type": "Hex High Entropy String",
        "filename": ".config\\secrets.baseline",
        "hashed_secret": "de9ae8acdb36392604a2bb332e353532213b3736",
        "is_verified": false,
        "line_number": 129
      },
      {
        "type": "Secret Keyword",
        "filename": ".config\\secrets.baseline",
        "hashed_secret": "de9ae8acdb36392604a2bb332e353532213b3736",
        "is_verified": false,
        "line_number": 129
      },
      {
        "type": "Hex High Entropy String",
        "filename": ".config\\secrets.baseline",
        "hashed_secret": "97ed58589a4beaa7d131a7e26f32cda56f29c71f",
        "is_verified": false,
        "line_number": 143
      },
      {
        "type": "Secret Keyword",
        "filename": ".config\\secrets.baseline",
        "hashed_secret": "97ed58589a4beaa7d131a7e26f32cda56f29c71f",
        "is_verified": false,
        "line_number": 143
      },
      {
        "type": "Hex High Entropy String",
        "filename": ".config\\secrets.baseline",
        "hashed_secret": "be9ef8ae4031f28d22fb4db14bd13f1cf5930530",
        "is_verified": false,
        "line_number": 157
      },
      {
        "type": "Secret Keyword",
        "filename": ".config\\secrets.baseline",
        "hashed_secret": "be9ef8ae4031f28d22fb4db14bd13f1cf5930530",
        "is_verified": false,
        "line_number": 157
      },
      {
        "type": "Hex High Entropy String",
        "filename": ".config\\secrets.baseline",
        "hashed_secret": "dedc2855b8dd98afeb27b0f1650f74938d9ba1fb",
        "is_verified": false,
        "line_number": 171
      },
      {
        "type": "Secret Keyword",
        "filename": ".config\\secrets.baseline",
        "hashed_secret": "dedc2855b8dd98afeb27b0f1650f74938d9ba1fb",
        "is_verified": false,
        "line_number": 171
      },
      {
        "type": "Hex High Entropy String",
        "filename": ".config\\secrets.baseline",
        "hashed_secret": "459d619c92ce5cb5a5b28e777156d15291d8b105",
        "is_verified": false,
        "line_number": 185
      },
      {
        "type": "Secret Keyword",
        "filename": ".config\\secrets.baseline",
        "hashed_secret": "459d619c92ce5cb5a5b28e777156d15291d8b105",
        "is_verified": false,
        "line_number": 185
      },
      {
        "type": "Hex High Entropy String",
        "filename": ".config\\secrets.baseline",
        "hashed_secret": "98de51b3fb50b92ccc6dfd3ca7397724ebe38678",
        "is_verified": false,
        "line_number": 199
      },
      {
        "type": "Secret Keyword",
        "filename": ".config\\secrets.baseline",
        "hashed_secret": "98de51b3fb50b92ccc6dfd3ca7397724ebe38678",
        "is_verified": false,
        "line_number": 199
      },
      {
        "type": "Hex High Entropy String",
        "filename": ".config\\secrets.baseline",
        "hashed_secret": "2c90fc78739b9ab7abeb915dac188290b63cfa4d",
        "is_verified": false,
        "line_number": 213
      },
      {
        "type": "Secret Keyword",
        "filename": ".config\\secrets.baseline",
        "hashed_secret": "2c90fc78739b9ab7abeb915dac188290b63cfa4d",
        "is_verified": false,
        "line_number": 213
      },
      {
        "type": "Hex High Entropy String",
        "filename": ".config\\secrets.baseline",
        "hashed_secret": "bffab7a252d0c432cd018e4c275da6674ad59c07",
        "is_verified": false,
        "line_number": 227
      },
      {
        "type": "Secret Keyword",
        "filename": ".config\\secrets.baseline",
        "hashed_secret": "bffab7a252d0c432cd018e4c275da6674ad59c07",
        "is_verified": false,
        "line_number": 227
      },
      {
        "type": "Hex High Entropy String",
        "filename": ".config\\secrets.baseline",
        "hashed_secret": "cc5332a52748d88db264f384ccadd6ed9498cb8c",
        "is_verified": false,
        "line_number": 241
      },
      {
        "type": "Secret Keyword",
        "filename": ".config\\secrets.baseline",
        "hashed_secret": "cc5332a52748d88db264f384ccadd6ed9498cb8c",
        "is_verified": false,
        "line_number": 241
      },
      {
        "type": "Hex High Entropy String",
        "filename": ".config\\secrets.baseline",
        "hashed_secret": "2ad38bf4f81eb99e00ecc3bb9cf39006b1c2b530",
        "is_verified": false,
        "line_number": 255
      },
      {
        "type": "Secret Keyword",
        "filename": ".config\\secrets.baseline",
        "hashed_secret": "2ad38bf4f81eb99e00ecc3bb9cf39006b1c2b530",
        "is_verified": false,
        "line_number": 255
      },
      {
        "type": "Hex High Entropy String",
        "filename": ".config\\secrets.baseline",
        "hashed_secret": "ea1e2bdf5396ef36196c0d0091faf1c785031b12",
        "is_verified": false,
        "line_number": 269
      },
      {
        "type": "Secret Keyword",
        "filename": ".config\\secrets.baseline",
        "hashed_secret": "ea1e2bdf5396ef36196c0d0091faf1c785031b12",
        "is_verified": false,
        "line_number": 269
      },
      {
        "type": "Hex High Entropy String",
        "filename": ".config\\secrets.baseline",
        "hashed_secret": "0745cd90175f1352a2f726cbdbbcbd463b76ab5c",
        "is_verified": false,
        "line_number": 283
      },
      {
        "type": "Secret Keyword",
        "filename": ".config\\secrets.baseline",
        "hashed_secret": "0745cd90175f1352a2f726cbdbbcbd463b76ab5c",
        "is_verified": false,
        "line_number": 283
      },
      {
        "type": "Hex High Entropy String",
        "filename": ".config\\secrets.baseline",
        "hashed_secret": "6e070eb2bb493a1813f1e0ff7c5952009cc1f0cd",
        "is_verified": false,
        "line_number": 297
      },
      {
        "type": "Secret Keyword",
        "filename": ".config\\secrets.baseline",
        "hashed_secret": "6e070eb2bb493a1813f1e0ff7c5952009cc1f0cd",
        "is_verified": false,
        "line_number": 297
      },
      {
        "type": "Hex High Entropy String",
        "filename": ".config\\secrets.baseline",
        "hashed_secret": "5728cf571fc24935d88b8e8682e7d0187f1861a6",
        "is_verified": false,
        "line_number": 311
      },
      {
        "type": "Secret Keyword",
        "filename": ".config\\secrets.baseline",
        "hashed_secret": "5728cf571fc24935d88b8e8682e7d0187f1861a6",
        "is_verified": false,
        "line_number": 311
      },
      {
        "type": "Hex High Entropy String",
        "filename": ".config\\secrets.baseline",
        "hashed_secret": "4302b938f0eaa964e5ac20220cbc1fef6ce72a10",
        "is_verified": false,
        "line_number": 325
      },
      {
        "type": "Secret Keyword",
        "filename": ".config\\secrets.baseline",
        "hashed_secret": "4302b938f0eaa964e5ac20220cbc1fef6ce72a10",
        "is_verified": false,
        "line_number": 325
      },
      {
        "type": "Hex High Entropy String",
        "filename": ".config\\secrets.baseline",
        "hashed_secret": "4b88c5439b92466afbe41189c70d42ae1963465d",
        "is_verified": false,
        "line_number": 339
      },
      {
        "type": "Secret Keyword",
        "filename": ".config\\secrets.baseline",
        "hashed_secret": "4b88c5439b92466afbe41189c70d42ae1963465d",
        "is_verified": false,
        "line_number": 339
      },
      {
        "type": "Hex High Entropy String",
        "filename": ".config\\secrets.baseline",
        "hashed_secret": "5bed66b5725d82ebc2becaaa3e579c8e4d833a9b",
        "is_verified": false,
        "line_number": 353
      },
      {
        "type": "Secret Keyword",
        "filename": ".config\\secrets.baseline",
        "hashed_secret": "5bed66b5725d82ebc2becaaa3e579c8e4d833a9b",
        "is_verified": false,
        "line_number": 353
      },
      {
        "type": "Hex High Entropy String",
        "filename": ".config\\secrets.baseline",
        "hashed_secret": "f54487140eb043f18443fccfe7e7f57f8fcd329b",
        "is_verified": false,
        "line_number": 367
      },
      {
        "type": "Secret Keyword",
        "filename": ".config\\secrets.baseline",
        "hashed_secret": "f54487140eb043f18443fccfe7e7f57f8fcd329b",
        "is_verified": false,
        "line_number": 367
      },
      {
        "type": "Hex High Entropy String",
        "filename": ".config\\secrets.baseline",
        "hashed_secret": "2bb21c1b17ff454c413c2b66b320d9013497a405",
        "is_verified": false,
        "line_number": 381
      },
      {
        "type": "Secret Keyword",
        "filename": ".config\\secrets.baseline",
        "hashed_secret": "2bb21c1b17ff454c413c2b66b320d9013497a405",
        "is_verified": false,
        "line_number": 381
      },
      {
        "type": "Hex High Entropy String",
        "filename": ".config\\secrets.baseline",
        "hashed_secret": "2ffd4a0a65ae25b63040c17ace45fb1c2f8a03b3",
        "is_verified": false,
        "line_number": 395
      },
      {
        "type": "Secret Keyword",
        "filename": ".config\\secrets.baseline",
        "hashed_secret": "2ffd4a0a65ae25b63040c17ace45fb1c2f8a03b3",
        "is_verified": false,
        "line_number": 395
      },
      {
        "type": "Hex High Entropy String",
        "filename": ".config\\secrets.baseline",
        "hashed_secret": "68b155c01baed188995fd6f64b8297ab0db7c6e8",
        "is_verified": false,
        "line_number": 409
      },
      {
        "type": "Secret Keyword",
        "filename": ".config\\secrets.baseline",
        "hashed_secret": "68b155c01baed188995fd6f64b8297ab0db7c6e8",
        "is_verified": false,
        "line_number": 409
      },
      {
        "type": "Hex High Entropy String",
        "filename": ".config\\secrets.baseline",
        "hashed_secret": "6b19bce7f293de641192012bb2e57af4e421a423",
        "is_verified": false,
        "line_number": 423
      },
      {
        "type": "Secret Keyword",
        "filename": ".config\\secrets.baseline",
        "hashed_secret": "6b19bce7f293de641192012bb2e57af4e421a423",
        "is_verified": false,
        "line_number": 423
      },
      {
        "type": "Hex High Entropy String",
        "filename": ".config\\secrets.baseline",
        "hashed_secret": "a9282fda9820e30940989b6a71cfc9bb5b1d94c0",
        "is_verified": false,
        "line_number": 437
      },
      {
        "type": "Secret Keyword",
        "filename": ".config\\secrets.baseline",
        "hashed_secret": "a9282fda9820e30940989b6a71cfc9bb5b1d94c0",
        "is_verified": false,
        "line_number": 437
      },
      {
        "type": "Hex High Entropy String",
        "filename": ".config\\secrets.baseline",
        "hashed_secret": "9ec8a99be43f14fe2a9dca602cbe437b5266647c",
        "is_verified": false,
        "line_number": 451
      },
      {
        "type": "Secret Keyword",
        "filename": ".config\\secrets.baseline",
        "hashed_secret": "9ec8a99be43f14fe2a9dca602cbe437b5266647c",
        "is_verified": false,
        "line_number": 451
      },
      {
        "type": "Hex High Entropy String",
        "filename": ".config\\secrets.baseline",
        "hashed_secret": "92aab673d46de873ff1458bddf048ee1d60ce649",
        "is_verified": false,
        "line_number": 465
      },
      {
        "type": "Secret Keyword",
        "filename": ".config\\secrets.baseline",
        "hashed_secret": "92aab673d46de873ff1458bddf048ee1d60ce649",
        "is_verified": false,
        "line_number": 465
      },
      {
        "type": "Hex High Entropy String",
        "filename": ".config\\secrets.baseline",
        "hashed_secret": "dbc5438973648af7ea770721e7a9c65da30f8039",
        "is_verified": false,
        "line_number": 479
      },
      {
        "type": "Secret Keyword",
        "filename": ".config\\secrets.baseline",
        "hashed_secret": "dbc5438973648af7ea770721e7a9c65da30f8039",
        "is_verified": false,
        "line_number": 479
      },
      {
        "type": "Hex High Entropy String",
        "filename": ".config\\secrets.baseline",
        "hashed_secret": "20ec49c691aa924ba104efaed99075e7709641eb",
        "is_verified": false,
        "line_number": 493
      },
      {
        "type": "Secret Keyword",
        "filename": ".config\\secrets.baseline",
        "hashed_secret": "20ec49c691aa924ba104efaed99075e7709641eb",
        "is_verified": false,
        "line_number": 493
      },
      {
        "type": "Hex High Entropy String",
        "filename": ".config\\secrets.baseline",
        "hashed_secret": "12b41eee979e54c29fe3b51e2d8b39a17c7cc57e",
        "is_verified": false,
        "line_number": 509
      },
      {
        "type": "Secret Keyword",
        "filename": ".config\\secrets.baseline",
        "hashed_secret": "12b41eee979e54c29fe3b51e2d8b39a17c7cc57e",
        "is_verified": false,
        "line_number": 509
      },
      {
        "type": "Hex High Entropy String",
        "filename": ".config\\secrets.baseline",
        "hashed_secret": "0542fb35bb8f5708963eb5e84ff801773baf6e9c",
        "is_verified": false,
        "line_number": 516
      },
      {
        "type": "Secret Keyword",
        "filename": ".config\\secrets.baseline",
        "hashed_secret": "0542fb35bb8f5708963eb5e84ff801773baf6e9c",
        "is_verified": false,
        "line_number": 516
      },
      {
        "type": "Hex High Entropy String",
        "filename": ".config\\secrets.baseline",
        "hashed_secret": "13f8609982e9c585c818c184e094f68784f99644",
        "is_verified": false,
        "line_number": 523
      },
      {
        "type": "Secret Keyword",
        "filename": ".config\\secrets.baseline",
        "hashed_secret": "13f8609982e9c585c818c184e094f68784f99644",
        "is_verified": false,
        "line_number": 523
      },
      {
        "type": "Hex High Entropy String",
        "filename": ".config\\secrets.baseline",
        "hashed_secret": "ada01e1d1dc8fce7e5749210cf1e258df9d54160",
        "is_verified": false,
        "line_number": 530
      },
      {
        "type": "Secret Keyword",
        "filename": ".config\\secrets.baseline",
        "hashed_secret": "ada01e1d1dc8fce7e5749210cf1e258df9d54160",
        "is_verified": false,
        "line_number": 530
      },
      {
        "type": "Hex High Entropy String",
        "filename": ".config\\secrets.baseline",
        "hashed_secret": "bf47cdcb3b6160a8777c673d3437d3a60fdb5dfd",
        "is_verified": false,
        "line_number": 537
      },
      {
        "type": "Secret Keyword",
        "filename": ".config\\secrets.baseline",
        "hashed_secret": "bf47cdcb3b6160a8777c673d3437d3a60fdb5dfd",
        "is_verified": false,
        "line_number": 537
      },
      {
        "type": "Hex High Entropy String",
        "filename": ".config\\secrets.baseline",
        "hashed_secret": "dfb1f9018b8a45621f02469acb7dbb11e0169986",
        "is_verified": false,
        "line_number": 544
      },
      {
        "type": "Secret Keyword",
        "filename": ".config\\secrets.baseline",
        "hashed_secret": "dfb1f9018b8a45621f02469acb7dbb11e0169986",
        "is_verified": false,
        "line_number": 544
      },
      {
        "type": "Hex High Entropy String",
        "filename": ".config\\secrets.baseline",
        "hashed_secret": "226f0a42d6f65dfb534610aec5898132f3386990",
        "is_verified": false,
        "line_number": 551
      },
      {
        "type": "Secret Keyword",
        "filename": ".config\\secrets.baseline",
        "hashed_secret": "226f0a42d6f65dfb534610aec5898132f3386990",
        "is_verified": false,
        "line_number": 551
      },
      {
        "type": "Hex High Entropy String",
        "filename": ".config\\secrets.baseline",
        "hashed_secret": "437554496b92f806d090f309539aa85e7281f3a3",
        "is_verified": false,
        "line_number": 558
      },
      {
        "type": "Secret Keyword",
        "filename": ".config\\secrets.baseline",
        "hashed_secret": "437554496b92f806d090f309539aa85e7281f3a3",
        "is_verified": false,
        "line_number": 558
      },
      {
        "type": "Hex High Entropy String",
        "filename": ".config\\secrets.baseline",
        "hashed_secret": "a771caf19f94597712121cb085d42d4c916fc285",
        "is_verified": false,
        "line_number": 565
      },
      {
        "type": "Secret Keyword",
        "filename": ".config\\secrets.baseline",
        "hashed_secret": "a771caf19f94597712121cb085d42d4c916fc285",
        "is_verified": false,
        "line_number": 565
      },
      {
        "type": "Hex High Entropy String",
        "filename": ".config\\secrets.baseline",
        "hashed_secret": "2b9204c183689620e5f4564de161093a685418f2",
        "is_verified": false,
        "line_number": 574
      },
      {
        "type": "Secret Keyword",
        "filename": ".config\\secrets.baseline",
        "hashed_secret": "2b9204c183689620e5f4564de161093a685418f2",
        "is_verified": false,
        "line_number": 574
      },
      {
        "type": "Hex High Entropy String",
        "filename": ".config\\secrets.baseline",
        "hashed_secret": "bf0842e585782edc387a92a79cd1e02a121070a2",
        "is_verified": false,
        "line_number": 581
      },
      {
        "type": "Secret Keyword",
        "filename": ".config\\secrets.baseline",
        "hashed_secret": "bf0842e585782edc387a92a79cd1e02a121070a2",
        "is_verified": false,
        "line_number": 581
      },
      {
        "type": "Hex High Entropy String",
        "filename": ".config\\secrets.baseline",
        "hashed_secret": "3e86e3aa30cc77e2659a697111c9fef5d3e17181",
        "is_verified": false,
        "line_number": 588
      },
      {
        "type": "Secret Keyword",
        "filename": ".config\\secrets.baseline",
        "hashed_secret": "3e86e3aa30cc77e2659a697111c9fef5d3e17181",
        "is_verified": false,
        "line_number": 588
      },
      {
        "type": "Hex High Entropy String",
        "filename": ".config\\secrets.baseline",
        "hashed_secret": "4791ed587b85788f35a9ba4d95623635df4d73c9",
        "is_verified": false,
        "line_number": 595
      },
      {
        "type": "Secret Keyword",
        "filename": ".config\\secrets.baseline",
        "hashed_secret": "4791ed587b85788f35a9ba4d95623635df4d73c9",
        "is_verified": false,
        "line_number": 595
      },
      {
        "type": "Hex High Entropy String",
        "filename": ".config\\secrets.baseline",
        "hashed_secret": "081e8074ebef5d1b63e3b64729bb2124dc7d6d73",
        "is_verified": false,
        "line_number": 602
      },
      {
        "type": "Secret Keyword",
        "filename": ".config\\secrets.baseline",
        "hashed_secret": "081e8074ebef5d1b63e3b64729bb2124dc7d6d73",
        "is_verified": false,
        "line_number": 602
      },
      {
        "type": "Hex High Entropy String",
        "filename": ".config\\secrets.baseline",
        "hashed_secret": "77618a6b2750d91f9ce8c1e09adaae3022df95c6",
        "is_verified": false,
        "line_number": 609
      },
      {
        "type": "Secret Keyword",
        "filename": ".config\\secrets.baseline",
        "hashed_secret": "77618a6b2750d91f9ce8c1e09adaae3022df95c6",
        "is_verified": false,
        "line_number": 609
      },
      {
        "type": "Hex High Entropy String",
        "filename": ".config\\secrets.baseline",
        "hashed_secret": "9555f0a8197e7136896a69e1bcf4cbcf6e22b22d",
        "is_verified": false,
        "line_number": 616
      },
      {
        "type": "Secret Keyword",
        "filename": ".config\\secrets.baseline",
        "hashed_secret": "9555f0a8197e7136896a69e1bcf4cbcf6e22b22d",
        "is_verified": false,
        "line_number": 616
      },
      {
        "type": "Hex High Entropy String",
        "filename": ".config\\secrets.baseline",
        "hashed_secret": "8d168c303844225c57a0ffca03cf52ca2396ed38",
        "is_verified": false,
        "line_number": 623
      },
      {
        "type": "Secret Keyword",
        "filename": ".config\\secrets.baseline",
        "hashed_secret": "8d168c303844225c57a0ffca03cf52ca2396ed38",
        "is_verified": false,
        "line_number": 623
      },
      {
        "type": "Hex High Entropy String",
        "filename": ".config\\secrets.baseline",
        "hashed_secret": "84276bbe0ec67fc8a3d45864ba61f1bb978ced94",
        "is_verified": false,
        "line_number": 630
      },
      {
        "type": "Secret Keyword",
        "filename": ".config\\secrets.baseline",
        "hashed_secret": "84276bbe0ec67fc8a3d45864ba61f1bb978ced94",
        "is_verified": false,
        "line_number": 630
      },
      {
        "type": "Hex High Entropy String",
        "filename": ".config\\secrets.baseline",
        "hashed_secret": "234f85ff9eb4280ae6f77e8f63670d698395ce84",
        "is_verified": false,
        "line_number": 637
      },
      {
        "type": "Secret Keyword",
        "filename": ".config\\secrets.baseline",
        "hashed_secret": "234f85ff9eb4280ae6f77e8f63670d698395ce84",
        "is_verified": false,
        "line_number": 637
      },
      {
        "type": "Hex High Entropy String",
        "filename": ".config\\secrets.baseline",
        "hashed_secret": "35f8cf9d410fd8d9d7d1441a5a48ba66f6d00342",
        "is_verified": false,
        "line_number": 644
      },
      {
        "type": "Secret Keyword",
        "filename": ".config\\secrets.baseline",
        "hashed_secret": "35f8cf9d410fd8d9d7d1441a5a48ba66f6d00342",
        "is_verified": false,
        "line_number": 644
      },
      {
        "type": "Hex High Entropy String",
        "filename": ".config\\secrets.baseline",
        "hashed_secret": "0d3997ba764fa04d31ad93f3f7913d7414e7f3bb",
        "is_verified": false,
        "line_number": 651
      },
      {
        "type": "Secret Keyword",
        "filename": ".config\\secrets.baseline",
        "hashed_secret": "0d3997ba764fa04d31ad93f3f7913d7414e7f3bb",
        "is_verified": false,
        "line_number": 651
      },
      {
        "type": "Hex High Entropy String",
        "filename": ".config\\secrets.baseline",
        "hashed_secret": "815a53eae97e1af818c13b6066bd296d67ef1dcf",
        "is_verified": false,
        "line_number": 660
      },
      {
        "type": "Secret Keyword",
        "filename": ".config\\secrets.baseline",
        "hashed_secret": "815a53eae97e1af818c13b6066bd296d67ef1dcf",
        "is_verified": false,
        "line_number": 660
      },
      {
        "type": "Hex High Entropy String",
        "filename": ".config\\secrets.baseline",
        "hashed_secret": "5f267ef884b6fb653da7decda974e523af495349",
        "is_verified": false,
        "line_number": 667
      },
      {
        "type": "Secret Keyword",
        "filename": ".config\\secrets.baseline",
        "hashed_secret": "5f267ef884b6fb653da7decda974e523af495349",
        "is_verified": false,
        "line_number": 667
      },
      {
        "type": "Hex High Entropy String",
        "filename": ".config\\secrets.baseline",
        "hashed_secret": "72f33d8349b1e9c936858f30c22b21e2c3c8032c",
        "is_verified": false,
        "line_number": 674
      },
      {
        "type": "Secret Keyword",
        "filename": ".config\\secrets.baseline",
        "hashed_secret": "72f33d8349b1e9c936858f30c22b21e2c3c8032c",
        "is_verified": false,
        "line_number": 674
      },
      {
        "type": "Hex High Entropy String",
        "filename": ".config\\secrets.baseline",
        "hashed_secret": "8cb11b581cc9eb5054223127ec958ce389ae75d0",
        "is_verified": false,
        "line_number": 681
      },
      {
        "type": "Secret Keyword",
        "filename": ".config\\secrets.baseline",
        "hashed_secret": "8cb11b581cc9eb5054223127ec958ce389ae75d0",
        "is_verified": false,
        "line_number": 681
      },
      {
        "type": "Hex High Entropy String",
        "filename": ".config\\secrets.baseline",
        "hashed_secret": "f4554e47ca792e80d57b8211e5e52e37d36b2727",
        "is_verified": false,
        "line_number": 688
      },
      {
        "type": "Secret Keyword",
        "filename": ".config\\secrets.baseline",
        "hashed_secret": "f4554e47ca792e80d57b8211e5e52e37d36b2727",
        "is_verified": false,
        "line_number": 688
      },
      {
        "type": "Hex High Entropy String",
        "filename": ".config\\secrets.baseline",
        "hashed_secret": "b69e6a0c29dbcb36dc584448e763cb6a08872676",
        "is_verified": false,
        "line_number": 695
      },
      {
        "type": "Secret Keyword",
        "filename": ".config\\secrets.baseline",
        "hashed_secret": "b69e6a0c29dbcb36dc584448e763cb6a08872676",
        "is_verified": false,
        "line_number": 695
      },
      {
        "type": "Hex High Entropy String",
        "filename": ".config\\secrets.baseline",
        "hashed_secret": "8307943513d436dd877cc62e54688b46669e5907",
        "is_verified": false,
        "line_number": 702
      },
      {
        "type": "Secret Keyword",
        "filename": ".config\\secrets.baseline",
        "hashed_secret": "8307943513d436dd877cc62e54688b46669e5907",
        "is_verified": false,
        "line_number": 702
      },
      {
        "type": "Hex High Entropy String",
        "filename": ".config\\secrets.baseline",
        "hashed_secret": "a958c091d141cd2c5468cc2460b18eeab81c4f98",
        "is_verified": false,
        "line_number": 709
      },
      {
        "type": "Secret Keyword",
        "filename": ".config\\secrets.baseline",
        "hashed_secret": "a958c091d141cd2c5468cc2460b18eeab81c4f98",
        "is_verified": false,
        "line_number": 709
      },
      {
        "type": "Hex High Entropy String",
        "filename": ".config\\secrets.baseline",
        "hashed_secret": "abe8adc68f1342d3faf50a7cd1e58c8dd03f0612",
        "is_verified": false,
        "line_number": 716
      },
      {
        "type": "Secret Keyword",
        "filename": ".config\\secrets.baseline",
        "hashed_secret": "abe8adc68f1342d3faf50a7cd1e58c8dd03f0612",
        "is_verified": false,
        "line_number": 716
      },
      {
        "type": "Hex High Entropy String",
        "filename": ".config\\secrets.baseline",
        "hashed_secret": "4c8b4dea067559fb75910136d549e909e3539972",
        "is_verified": false,
        "line_number": 723
      },
      {
        "type": "Secret Keyword",
        "filename": ".config\\secrets.baseline",
        "hashed_secret": "4c8b4dea067559fb75910136d549e909e3539972",
        "is_verified": false,
        "line_number": 723
      },
      {
        "type": "Hex High Entropy String",
        "filename": ".config\\secrets.baseline",
        "hashed_secret": "c069856924b3073d7b38f08bc98c29e35ce0758e",
        "is_verified": false,
        "line_number": 730
      },
      {
        "type": "Secret Keyword",
        "filename": ".config\\secrets.baseline",
        "hashed_secret": "c069856924b3073d7b38f08bc98c29e35ce0758e",
        "is_verified": false,
        "line_number": 730
      },
      {
        "type": "Hex High Entropy String",
        "filename": ".config\\secrets.baseline",
        "hashed_secret": "c9e47adf0ea4b50481796df265a6457fb708291c",
        "is_verified": false,
        "line_number": 737
      },
      {
        "type": "Secret Keyword",
        "filename": ".config\\secrets.baseline",
        "hashed_secret": "c9e47adf0ea4b50481796df265a6457fb708291c",
        "is_verified": false,
        "line_number": 737
      },
      {
        "type": "Hex High Entropy String",
        "filename": ".config\\secrets.baseline",
        "hashed_secret": "0df5bb7f3a2cf3f8456228bb6fb33682d04b05d1",
        "is_verified": false,
        "line_number": 744
      },
      {
        "type": "Secret Keyword",
        "filename": ".config\\secrets.baseline",
        "hashed_secret": "0df5bb7f3a2cf3f8456228bb6fb33682d04b05d1",
        "is_verified": false,
        "line_number": 744
      },
      {
        "type": "Hex High Entropy String",
        "filename": ".config\\secrets.baseline",
        "hashed_secret": "075d8c4476fac9f38b7e7ca3845f0af5223671d4",
        "is_verified": false,
        "line_number": 846
      },
      {
        "type": "Secret Keyword",
        "filename": ".config\\secrets.baseline",
        "hashed_secret": "075d8c4476fac9f38b7e7ca3845f0af5223671d4",
        "is_verified": false,
        "line_number": 846
      },
      {
        "type": "Hex High Entropy String",
        "filename": ".config\\secrets.baseline",
        "hashed_secret": "1ad9a77d6b9bd2d6d00af9893626315bc7023045",
        "is_verified": false,
        "line_number": 853
      },
      {
        "type": "Secret Keyword",
        "filename": ".config\\secrets.baseline",
        "hashed_secret": "1ad9a77d6b9bd2d6d00af9893626315bc7023045",
        "is_verified": false,
        "line_number": 853
      },
      {
        "type": "Hex High Entropy String",
        "filename": ".config\\secrets.baseline",
        "hashed_secret": "84d5ee73341cdc7dee0743406e39e43cd531b75e",
        "is_verified": false,
        "line_number": 862
      },
      {
        "type": "Secret Keyword",
        "filename": ".config\\secrets.baseline",
        "hashed_secret": "84d5ee73341cdc7dee0743406e39e43cd531b75e",
        "is_verified": false,
        "line_number": 862
      }
    ],
    ".specify\\integrations\\claude.manifest.json": [
      {
        "type": "Hex High Entropy String",
        "filename": ".specify\\integrations\\claude.manifest.json",
        "hashed_secret": "70ac36701b913a8f4c37fc0a03a6f64ddb79e582",
        "is_verified": false,
        "line_number": 6
      },
      {
        "type": "Hex High Entropy String",
        "filename": ".specify\\integrations\\claude.manifest.json",
        "hashed_secret": "de84e86c0021b21d7036c97eb91960f10914e740",
        "is_verified": false,
        "line_number": 7
      },
      {
        "type": "Hex High Entropy String",
        "filename": ".specify\\integrations\\claude.manifest.json",
        "hashed_secret": "d18aeb079c9630362063b4f4455388fb4f517e19",
        "is_verified": false,
        "line_number": 8
      },
      {
        "type": "Hex High Entropy String",
        "filename": ".specify\\integrations\\claude.manifest.json",
        "hashed_secret": "9f794e3beaeb3fa394b1127ba7101975f08409b7",
        "is_verified": false,
        "line_number": 9
      },
      {
        "type": "Hex High Entropy String",
        "filename": ".specify\\integrations\\claude.manifest.json",
        "hashed_secret": "29ce75aca10ac3f3707125317d2e7e8b415e2c00",
        "is_verified": false,
        "line_number": 10
      },
      {
        "type": "Hex High Entropy String",
        "filename": ".specify\\integrations\\claude.manifest.json",
        "hashed_secret": "4f318a66f27d66253d0fc46f2cc5ebe32b9b62fb",
        "is_verified": false,
        "line_number": 11
      },
      {
        "type": "Hex High Entropy String",
        "filename": ".specify\\integrations\\claude.manifest.json",
        "hashed_secret": "a15364e14885fad98699e235bd94b82ac4196036",
        "is_verified": false,
        "line_number": 12
      },
      {
        "type": "Hex High Entropy String",
        "filename": ".specify\\integrations\\claude.manifest.json",
        "hashed_secret": "15a07dd6b8b6b66aa49c2ea116cba14fdb71ef19",
        "is_verified": false,
        "line_number": 13
      },
      {
        "type": "Hex High Entropy String",
        "filename": ".specify\\integrations\\claude.manifest.json",
        "hashed_secret": "f19f9cd9bae21701e78a8943a60099abbc9cbc48",
        "is_verified": false,
        "line_number": 14
      }
    ],
    ".specify\\integrations\\speckit.manifest.json": [
      {
        "type": "Hex High Entropy String",
        "filename": ".specify\\integrations\\speckit.manifest.json",
        "hashed_secret": "cdc0caeb81ec1cf29e7928bbdb540ebe3f1fac86",
        "is_verified": false,
        "line_number": 6
      },
      {
        "type": "Hex High Entropy String",
        "filename": ".specify\\integrations\\speckit.manifest.json",
        "hashed_secret": "9b63101a5cbe0b0de79d9a6757814c4e7695ff5c",
        "is_verified": false,
        "line_number": 7
      },
      {
        "type": "Hex High Entropy String",
        "filename": ".specify\\integrations\\speckit.manifest.json",
        "hashed_secret": "bbeba2328c1f82ebf85456c2d0b6577718a843f2",
        "is_verified": false,
        "line_number": 8
      },
      {
        "type": "Hex High Entropy String",
        "filename": ".specify\\integrations\\speckit.manifest.json",
        "hashed_secret": "5ef525e2f35344b5666ded19bec1ee8287664a32",
        "is_verified": false,
        "line_number": 9
      },
      {
        "type": "Hex High Entropy String",
        "filename": ".specify\\integrations\\speckit.manifest.json",
        "hashed_secret": "ff27631488d7a1fa69974ecb70e9587d122fb7d6",
        "is_verified": false,
        "line_number": 10
      },
      {
        "type": "Hex High Entropy String",
        "filename": ".specify\\integrations\\speckit.manifest.json",
        "hashed_secret": "383610ffbbf1dedb179ce6941130c5552d19a878",
        "is_verified": false,
        "line_number": 11
      },
      {
        "type": "Hex High Entropy String",
        "filename": ".specify\\integrations\\speckit.manifest.json",
        "hashed_secret": "25c4a42ae4038007ad01f74d7e01a9d3352ef6ce",
        "is_verified": false,
        "line_number": 12
      },
      {
        "type": "Hex High Entropy String",
        "filename": ".specify\\integrations\\speckit.manifest.json",
        "hashed_secret": "ecde51343aeae413aaba7dc0a5eb327c83bdd97f",
        "is_verified": false,
        "line_number": 13
      },
      {
        "type": "Hex High Entropy String",
        "filename": ".specify\\integrations\\speckit.manifest.json",
        "hashed_secret": "5a2c5ffb2fa4fb14d9cc8098f9aff3769a5f0894",
        "is_verified": false,
        "line_number": 14
      },
      {
        "type": "Hex High Entropy String",
        "filename": ".specify\\integrations\\speckit.manifest.json",
        "hashed_secret": "9ca09f61b0fce77137bb336a5537503f9f28be91",
        "is_verified": false,
        "line_number": 15
      },
      {
        "type": "Hex High Entropy String",
        "filename": ".specify\\integrations\\speckit.manifest.json",
        "hashed_secret": "6c481bf584ec89fe5868814e71db48013022ff8e",
        "is_verified": false,
        "line_number": 16
      },
      {
        "type": "Hex High Entropy String",
        "filename": ".specify\\integrations\\speckit.manifest.json",
        "hashed_secret": "75e06787d5008efe1a9b4983f504b759b15e7035",
        "is_verified": false,
        "line_number": 17
      }
    ],
    "deploy\\infra\\terraform\\secrets.tf": [
      {
        "type": "Secret Keyword",
        "filename": "deploy\\infra\\terraform\\secrets.tf",
        "hashed_secret": "2cfca21270deaf784d520e28cb126eff5c988e12",
        "is_verified": false,
        "line_number": 14
      },
      {
        "type": "Secret Keyword",
        "filename": "deploy\\infra\\terraform\\secrets.tf",
        "hashed_secret": "159500287c06851df741128ec4b073ea394414b6",
        "is_verified": false,
        "line_number": 15
      }
    ],
    "skills-lock.json": [
      {
        "type": "Hex High Entropy String",
        "filename": "skills-lock.json",
        "hashed_secret": "232d4451c357311084328c0aabddf720171e194c",
        "is_verified": false,
        "line_number": 20
      },
      {
        "type": "Hex High Entropy String",
        "filename": "skills-lock.json",
        "hashed_secret": "0acd0e415aece7701efe7af29dfccc8fbd2ad123",
        "is_verified": false,
        "line_number": 132
      },
      {
        "type": "Hex High Entropy String",
        "filename": "skills-lock.json",
        "hashed_secret": "b257fdc762866d816e51843ac506eb00852bff57",
        "is_verified": false,
        "line_number": 301
      },
      {
        "type": "Hex High Entropy String",
        "filename": "skills-lock.json",
        "hashed_secret": "f9b7699fbf5d21d882b1e0127cbae09730600704",
        "is_verified": false,
        "line_number": 781
      },
      {
        "type": "Hex High Entropy String",
        "filename": "skills-lock.json",
        "hashed_secret": "67f5b5ffc81c084111f8e368ee9cc14990c613bf",
        "is_verified": false,
        "line_number": 808
      },
      {
        "type": "Hex High Entropy String",
        "filename": "skills-lock.json",
        "hashed_secret": "b8f871c72e622bc3a518ec92b5157d980f3bcac9",
        "is_verified": false,
        "line_number": 898
      },
      {
        "type": "Hex High Entropy String",
        "filename": "skills-lock.json",
        "hashed_secret": "b60027071bba88272462eeb509a13c15aff6edd5",
        "is_verified": false,
        "line_number": 909
      },
      {
        "type": "Hex High Entropy String",
        "filename": "skills-lock.json",
        "hashed_secret": "957227da2c8afbbff6b8017e68cb53bab9541312",
        "is_verified": false,
        "line_number": 920
      },
      {
        "type": "Hex High Entropy String",
        "filename": "skills-lock.json",
        "hashed_secret": "ad124531149bd0ffec5f71b675e943815160b1e2",
        "is_verified": false,
        "line_number": 931
      },
      {
        "type": "Hex High Entropy String",
        "filename": "skills-lock.json",
        "hashed_secret": "e6fa9cc28ac220932770ace9df50ecbefae2d89f",
        "is_verified": false,
        "line_number": 942
      },
      {
        "type": "Hex High Entropy String",
        "filename": "skills-lock.json",
        "hashed_secret": "af36a0ecd9d300771eee06fd328cfe9da4c1b4ad",
        "is_verified": false,
        "line_number": 961
      },
      {
        "type": "Hex High Entropy String",
        "filename": "skills-lock.json",
        "hashed_secret": "9a7948df2327fe61a389030630378e65e9135346",
        "is_verified": false,
        "line_number": 998
      }
    ],
    "specs\\70-cloud-run-deploy-staging-prod-with-secret-manager\\data-model.md": [
      {
        "type": "Secret Keyword",
        "filename": "specs\\70-cloud-run-deploy-staging-prod-with-secret-manager\\data-model.md",
        "hashed_secret": "2cfca21270deaf784d520e28cb126eff5c988e12",
        "is_verified": false,
        "line_number": 110
      },
      {
        "type": "Secret Keyword",
        "filename": "specs\\70-cloud-run-deploy-staging-prod-with-secret-manager\\data-model.md",
        "hashed_secret": "159500287c06851df741128ec4b073ea394414b6",
        "is_verified": false,
        "line_number": 111
      }
    ],
    "specs\\70-cloud-run-deploy-staging-prod-with-secret-manager\\plan.md": [
      {
        "type": "Secret Keyword",
        "filename": "specs\\70-cloud-run-deploy-staging-prod-with-secret-manager\\plan.md",
        "hashed_secret": "bb3323417e565dc4800d12bac0005cb5c3e209e4",
        "is_verified": false,
        "line_number": 26
      },
      {
        "type": "Secret Keyword",
        "filename": "specs\\70-cloud-run-deploy-staging-prod-with-secret-manager\\plan.md",
        "hashed_secret": "b7cc0748b4282ace5f9aeec50119802557985cc5",
        "is_verified": false,
        "line_number": 134
      },
      {
        "type": "Secret Keyword",
        "filename": "specs\\70-cloud-run-deploy-staging-prod-with-secret-manager\\plan.md",
        "hashed_secret": "2cfca21270deaf784d520e28cb126eff5c988e12",
        "is_verified": false,
        "line_number": 162
      },
      {
        "type": "Secret Keyword",
        "filename": "specs\\70-cloud-run-deploy-staging-prod-with-secret-manager\\plan.md",
        "hashed_secret": "159500287c06851df741128ec4b073ea394414b6",
        "is_verified": false,
        "line_number": 163
      }
    ],
    "specs\\70-cloud-run-deploy-staging-prod-with-secret-manager\\research.md": [
      {
        "type": "Secret Keyword",
        "filename": "specs\\70-cloud-run-deploy-staging-prod-with-secret-manager\\research.md",
        "hashed_secret": "b7cc0748b4282ace5f9aeec50119802557985cc5",
        "is_verified": false,
        "line_number": 56
      }
    ],
    "specs\\70-cloud-run-deploy-staging-prod-with-secret-manager\\tasks.md": [
      {
        "type": "Secret Keyword",
        "filename": "specs\\70-cloud-run-deploy-staging-prod-with-secret-manager\\tasks.md",
        "hashed_secret": "2cfca21270deaf784d520e28cb126eff5c988e12",
        "is_verified": false,
        "line_number": 90
      }
    ]
  },
  "generated_at": "2026-06-11T03:35:13Z"
}
